node:internal/modules/run_main:123
    triggerUncaughtException(
    ^

locator.screenshot: Timeout 29995.72499999999ms exceeded.
Call log:
  - taking element screenshot
    - disabled all CSS animations
  - waiting for fonts to load...
  - fonts loaded
  - attempting scroll into view action
    2 × waiting for element to be stable
      - element is not visible
    - retrying scroll into view action
    - waiting 20ms
    2 × waiting for element to be stable
      - element is not visible
    - retrying scroll into view action
      - waiting 100ms
    58 × waiting for element to be stable
       - element is not visible
     - retrying scroll into view action
       - waiting 500ms

    at /home/runner/work/ndh-com-ea34ebce/ndh-com-ea34ebce/scripts/capture-hague.mjs:75:17 {
  name: 'TimeoutError'
}

Node.js v22.23.2
